Compiling lib\main.dart for the Web...                          
flutter : Wasm dry run 
succeeded. Consider 
building and testing 
your application with 
the `--wasm` flag. See 
docs for more info: htt
ps://docs.flutter.dev/p
latform-integration/web
/wasm
At line:1 char:1
+ flutter build web 
--no-tree-shake-icons 
2>&1 | Out-File 
-FilePath "C: ...
+ ~~~~~~~~~~~~~~~~~~~~~
~~~~~~~~~~~~~~~~~~~~~~~
    + CategoryInfo     
         : NotSpecifi  
  ed: (Wasm dry run    
 su...ration/web/wa    
sm:String) [], Rem    
oteException
    + FullyQualifiedEr 
   rorId : NativeComm  
  andError
 
Use --no-wasm-dry-run 
to disable these 
warnings.
Compiling lib\main.dart for the Web...                              6,1s
ΓêÜ Built build\web
